exports[`test should render correctly 1`] = `
<div
  className="row">
  <button
    className="btn btn-link"
    disabled={false}
    onClick={[Function]}
    type="button">
    <h4>
      Test
      <i
        className="fa fa-angle-right" />
    </h4>
  </button>
  <div
    aria-expanded={null}
    className="collapse col-xs-12">
    <h3>
      test
    </h3>
  </div>
</div>
`;
