// Jest Snapshot v1, https://goo.gl/fbAQLP

exports[`HeadersField should match the previous snapshot 1`] = `
<div
  className="beUPta"
>
  <button
    className="btn btn-link"
    disabled={false}
    onClick={[Function]}
    type="button"
  >
    <h4>
      Headers
      <i
        className="fa fa-angle-right"
        role="presentation"
      />
    </h4>
  </button>
  <div
    aria-expanded={null}
    className="collapse row"
  >
    <div
      className="col-xs-12"
    >
      <div
        className="form-group"
      >
        <div
          className="col-xs-5"
        >
          <input
            className="form-control"
            id="header.[object Object]"
            name="[object Object].name"
            onBlur={[Function]}
            onChange={[Function]}
            onDragStart={[Function]}
            onDrop={[Function]}
            onFocus={[Function]}
            placeholder="Name"
            type="text"
            value=""
          />
        </div>
        <div
          className="col-xs-6"
        >
          <input
            className="form-control"
            id="header.[object Object]"
            name="[object Object].value"
            onBlur={[Function]}
            onChange={[Function]}
            onDragStart={[Function]}
            onDrop={[Function]}
            onFocus={[Function]}
            placeholder="Value"
            type="text"
            value=""
          />
        </div>
        <div
          className="col-xs-1"
        >
          <button
            className="exyKyC"
            id="removeHeaderButton0"
            onClick={[Function]}
            onMouseEnter={[Function]}
            onMouseLeave={[Function]}
          >
            <div
              className="eMVcPd"
            >
              <div
                className="ddxWyy"
              />
              <span
                className="jsYWMN"
              >
                Remove header
              </span>
            </div>
            <i
              className="fa fa-trash"
              role="presentation"
            />
          </button>
        </div>
      </div>
      <div
        className="form-group"
      >
        <div
          className="col-xs-5"
        >
          <input
            className="form-control"
            id="header.[object Object]"
            name="[object Object].name"
            onBlur={[Function]}
            onChange={[Function]}
            onDragStart={[Function]}
            onDrop={[Function]}
            onFocus={[Function]}
            placeholder="Name"
            type="text"
            value=""
          />
        </div>
        <div
          className="col-xs-6"
        >
          <input
            className="form-control"
            id="header.[object Object]"
            name="[object Object].value"
            onBlur={[Function]}
            onChange={[Function]}
            onDragStart={[Function]}
            onDrop={[Function]}
            onFocus={[Function]}
            placeholder="Value"
            type="text"
            value=""
          />
        </div>
        <div
          className="col-xs-1"
        >
          <button
            className="exyKyC"
            id="removeHeaderButton1"
            onClick={[Function]}
            onMouseEnter={[Function]}
            onMouseLeave={[Function]}
          >
            <div
              className="eMVcPd"
            >
              <div
                className="ddxWyy"
              />
              <span
                className="jsYWMN"
              >
                Remove header
              </span>
            </div>
            <i
              className="fa fa-trash"
              role="presentation"
            />
          </button>
        </div>
      </div>
      <div
        className="form-group"
      >
        <div
          className="col-xs-5"
        >
          <input
            className="form-control"
            id="header.[object Object]"
            name="[object Object].name"
            onBlur={[Function]}
            onChange={[Function]}
            onDragStart={[Function]}
            onDrop={[Function]}
            onFocus={[Function]}
            placeholder="Name"
            type="text"
            value=""
          />
        </div>
        <div
          className="col-xs-6"
        >
          <input
            className="form-control"
            id="header.[object Object]"
            name="[object Object].value"
            onBlur={[Function]}
            onChange={[Function]}
            onDragStart={[Function]}
            onDrop={[Function]}
            onFocus={[Function]}
            placeholder="Value"
            type="text"
            value=""
          />
        </div>
        <div
          className="col-xs-1"
        >
          <button
            className="exyKyC"
            id="removeHeaderButton2"
            onClick={[Function]}
            onMouseEnter={[Function]}
            onMouseLeave={[Function]}
          >
            <div
              className="eMVcPd"
            >
              <div
                className="ddxWyy"
              />
              <span
                className="jsYWMN"
              >
                Remove header
              </span>
            </div>
            <i
              className="fa fa-trash"
              role="presentation"
            />
          </button>
        </div>
      </div>
      <div
        className="row"
      >
        <div
          className="col-xs-12"
        >
          <button
            className="ducMpy btn btn-link"
            disabled={false}
            id="addHeaderButton"
            onClick={[Function]}
            type="button"
          >
            <i
              className="fa fa-plus"
              role="presentation"
            />
            Add header
          </button>
        </div>
      </div>
    </div>
  </div>
</div>
`;
