exports[`test should render correctly 1`] = `
<div
  className="col-sm-8 col-xs-12">
  <div
    className="panel panel-default"
    id={undefined}>
    <div
      className="panel-heading">
      <span>
        Request
      </span>
    </div>
    <div
      className="panel-body">
      <form>
        <div
          className="form-group">
          <div
            className="col-sm-2">
            <label
              className="control-label"
              htmlFor="url">
              URL
            </label>
          </div>
          <div
            className="col-sm-10">
            <input
              className="form-control"
              id="url"
              name="url"
              onBlur={[Function]}
              onChange={[Function]}
              onDragStart={[Function]}
              onDrop={[Function]}
              onFocus={[Function]}
              type="text"
              value="" />
          </div>
        </div>
        <div
          className="form-group">
          <div
            className="col-sm-2">
            <label
              className="control-label"
              htmlFor="method">
              Method
            </label>
          </div>
          <div
            className="col-sm-8">
            <input
              className="form-control"
              id="method"
              name="method"
              onBlur={[Function]}
              onChange={[Function]}
              onDragStart={[Function]}
              onDrop={[Function]}
              onFocus={[Function]}
              type="text"
              value="" />
          </div>
          <div
            className="col-sm-2">
            <button
              className="btn btn-primary"
              disabled={false}
              type="submit">
              Send request
            </button>
          </div>
        </div>
        <div
          className="row">
          <button
            className="btn btn-link"
            disabled={false}
            onClick={[Function]}
            type="button">
            <h3>
              Headers
              <i
                className="fa fa-angle-right" />
            </h3>
          </button>
          <div
            aria-expanded={null}
            className="collapse col-xs-12">
            <div
              className="form-group">
              Headers
            </div>
          </div>
        </div>
        <div
          className="row">
          <button
            className="btn btn-link"
            disabled={false}
            onClick={[Function]}
            type="button">
            <h3>
              Basic auth
              <i
                className="fa fa-angle-right" />
            </h3>
          </button>
          <div
            aria-expanded={null}
            className="collapse col-xs-12">
            <div
              className="form-group">
              BasicAuth
            </div>
          </div>
        </div>
      </form>
    </div>
  </div>
</div>
`;
