// Jest Snapshot v1, https://goo.gl/fbAQLP

exports[`response component renders a result when given one 1`] = `
<div
  className="panel panel-default"
  id={undefined}
>
  <div
    className="panel-heading"
  >
    <h3>
      Response - 
      <a
        href="http://example.com"
      >
        http://example.com
      </a>
    </h3>
  </div>
  <div
    className="panel-body"
  >
    <h3>
      200
      <small>
        OK
      </small>
    </h3>
    <div
      className="gbeLmT"
    >
      <button
        className="btn btn-link"
        disabled={false}
        onClick={[Function]}
        type="button"
      >
        <h4>
          Headers
          <i
            className="fa fa-angle-right"
            role="presentation"
          />
        </h4>
      </button>
      <div
        aria-expanded={null}
        className="collapse col-xs-12"
      />
    </div>
  </div>
</div>
`;

exports[`response component renders nothing given no props 1`] = `null`;
